├── header :=
│   ├── 0 := 69
│   ├── 1 := 120
│   ├── 2 := 112
│   ├── 3 := 111
│   ├── 4 := 114
│   ├── 5 := 116
│   ├── 6 := 101
│   ├── 7 := 100
│   ├── 8 := 32
│   ├── 9 := 102
│   ~
│   └── 79 := 0
├── triangle-count := 12
└── triangles :=
    ├── 0 :=
    │   ├── normal :=
    │   │   ├── x := -0.000000029802326
    │   │   ├── y := 0
    │   │   └── z := -1
    │   ├── vertices :=
    │   │   ├── 0 :=
    │   │   │   ├── x := 1
    │   │   │   ├── y := 0.99999994
    │   │   │   └── z := -1
    │   │   ├── 1 :=
    │   │   │   ├── x := 1
    │   │   │   ├── y := -1
    │   │   │   └── z := -1
    │   │   └── 2 :=
    │   │       ├── x := -1.0000001
    │   │       ├── y := -0.9999998
    │   │       └── z := -1
    │   └── attribute-byte-count := 0
    ├── 1 :=
    │   ├── normal :=
    │   │   ├── x := 0.000000029802326
    │   │   ├── y := 0
    │   │   └── z := -1
    │   ├── vertices :=
    │   │   ├── 0 :=
    │   │   │   ├── x := -1.0000001
    │   │   │   ├── y := -0.9999998
    │   │   │   └── z := -1
    │   │   ├── 1 :=
    │   │   │   ├── x := -0.99999964
    │   │   │   ├── y := 1.0000004
    │   │   │   └── z := -1
    │   │   └── 2 :=
    │   │       ├── x := 1
    │   │       ├── y := 0.99999994
    │   │       └── z := -1
    │   └── attribute-byte-count := 0
    ├── 2 :=
    │   ├── normal :=
    │   │   ├── x := 0.000000059604638
    │   │   ├── y := 0
    │   │   └── z := 1
    │   ├── vertices :=
    │   │   ├── 0 :=
    │   │   │   ├── x := 1.0000005
    │   │   │   ├── y := 0.99999946
    │   │   │   └── z := 1
    │   │   ├── 1 :=
    │   │   │   ├── x := -0.99999994
    │   │   │   ├── y := 1
    │   │   │   └── z := 1
    │   │   └── 2 :=
    │   │       ├── x := -1.0000004
    │   │       ├── y := -0.99999964
    │   │       └── z := 1
    │   └── attribute-byte-count := 0
    ├── 3 :=
    │   ├── normal :=
    │   │   ├── x := 0
    │   │   ├── y := 0
    │   │   └── z := 1
    │   ├── vertices :=
    │   │   ├── 0 :=
    │   │   │   ├── x := -1.0000004
    │   │   │   ├── y := -0.99999964
    │   │   │   └── z := 1
    │   │   ├── 1 :=
    │   │   │   ├── x := 0.99999934
    │   │   │   ├── y := -1.0000006
    │   │   │   └── z := 1
    │   │   └── 2 :=
    │   │       ├── x := 1.0000005
    │   │       ├── y := 0.99999946
    │   │       └── z := 1
    │   └── attribute-byte-count := 0
    ├── 4 :=
    │   ├── normal :=
    │   │   ├── x := 1
    │   │   ├── y := -0.00000059604645
    │   │   └── z := -0.00000023841872
    │   ├── vertices :=
    │   │   ├── 0 :=
    │   │   │   ├── x := 1
    │   │   │   ├── y := 0.99999994
    │   │   │   └── z := -1
    │   │   ├── 1 :=
    │   │   │   ├── x := 1.0000005
    │   │   │   ├── y := 0.99999946
    │   │   │   └── z := 1
    │   │   └── 2 :=
    │   │       ├── x := 0.99999934
    │   │       ├── y := -1.0000006
    │   │       └── z := 1
    │   └── attribute-byte-count := 0
    ├── 5 :=
    │   ├── normal :=
    │   │   ├── x := 1
    │   │   ├── y := 0
    │   │   └── z := 0.00000032782552
    │   ├── vertices :=
    │   │   ├── 0 :=
    │   │   │   ├── x := 0.99999934
    │   │   │   ├── y := -1.0000006
    │   │   │   └── z := 1
    │   │   ├── 1 :=
    │   │   │   ├── x := 1
    │   │   │   ├── y := -1
    │   │   │   └── z := -1
    │   │   └── 2 :=
    │   │       ├── x := 1
    │   │       ├── y := 0.99999994
    │   │       └── z := -1
    │   └── attribute-byte-count := 0
    ├── 6 :=
    │   ├── normal :=
    │   │   ├── x := -0.0000004768373
    │   │   ├── y := -1
    │   │   └── z := -0.00000035762795
    │   ├── vertices :=
    │   │   ├── 0 :=
    │   │   │   ├── x := 1
    │   │   │   ├── y := -1
    │   │   │   └── z := -1
    │   │   ├── 1 :=
    │   │   │   ├── x := 0.99999934
    │   │   │   ├── y := -1.0000006
    │   │   │   └── z := 1
    │   │   └── 2 :=
    │   │       ├── x := -1.0000004
    │   │       ├── y := -0.99999964
    │   │       └── z := 1
    │   └── attribute-byte-count := 0
    ├── 7 :=
    │   ├── normal :=
    │   │   ├── x := -0.00000008940697
    │   │   ├── y := -1
    │   │   └── z := 0
    │   ├── vertices :=
    │   │   ├── 0 :=
    │   │   │   ├── x := -1.0000004
    │   │   │   ├── y := -0.99999964
    │   │   │   └── z := 1
    │   │   ├── 1 :=
    │   │   │   ├── x := -1.0000001
    │   │   │   ├── y := -0.9999998
    │   │   │   └── z := -1
    │   │   └── 2 :=
    │   │       ├── x := 1
    │   │       ├── y := -1
    │   │       └── z := -1
    │   └── attribute-byte-count := 0
    ├── 8 :=
    │   ├── normal :=
    │   │   ├── x := -1
    │   │   ├── y := 0.00000023841864
    │   │   └── z := -0.00000011920932
    │   ├── vertices :=
    │   │   ├── 0 :=
    │   │   │   ├── x := -1.0000001
    │   │   │   ├── y := -0.9999998
    │   │   │   └── z := -1
    │   │   ├── 1 :=
    │   │   │   ├── x := -1.0000004
    │   │   │   ├── y := -0.99999964
    │   │   │   └── z := 1
    │   │   └── 2 :=
    │   │       ├── x := -0.99999994
    │   │       ├── y := 1
    │   │       └── z := 1
    │   └── attribute-byte-count := 0
    ├── 9 :=
    │   ├── normal :=
    │   │   ├── x := -1
    │   │   ├── y := 0.00000023841855
    │   │   └── z := -0.00000014901157
    │   ├── vertices :=
    │   │   ├── 0 :=
    │   │   │   ├── x := -0.99999994
    │   │   │   ├── y := 1
    │   │   │   └── z := 1
    │   │   ├── 1 :=
    │   │   │   ├── x := -0.99999964
    │   │   │   ├── y := 1.0000004
    │   │   │   └── z := -1
    │   │   └── 2 :=
    │   │       ├── x := -1.0000001
    │   │       ├── y := -0.9999998
    │   │       └── z := -1
    │   └── attribute-byte-count := 0
    ├── 10 :=
    │   ├── normal :=
    │   │   ├── x := 0.00000020861631
    │   │   ├── y := 1
    │   │   └── z := 0.00000029802328
    │   ├── vertices :=
    │   │   ├── 0 :=
    │   │   │   ├── x := 1.0000005
    │   │   │   ├── y := 0.99999946
    │   │   │   └── z := 1
    │   │   ├── 1 :=
    │   │   │   ├── x := 1
    │   │   │   ├── y := 0.99999994
    │   │   │   └── z := -1
    │   │   └── 2 :=
    │   │       ├── x := -0.99999964
    │   │       ├── y := 1.0000004
    │   │       └── z := -1
    │   └── attribute-byte-count := 0
    └── 11 :=
        ├── normal :=
        │   ├── x := 0.00000026822084
        │   ├── y := 1
        │   └── z := 0
        ├── vertices :=
        │   ├── 0 :=
        │   │   ├── x := -0.99999964
        │   │   ├── y := 1.0000004
        │   │   └── z := -1
        │   ├── 1 :=
        │   │   ├── x := -0.99999994
        │   │   ├── y := 1
        │   │   └── z := 1
        │   └── 2 :=
        │       ├── x := 1.0000005
        │       ├── y := 0.99999946
        │       └── z := 1
        └── attribute-byte-count := 0
