â””â”€â”€ data <- _ |...| _ :=
    â””â”€â”€ text <- text.string := "RustaceanðŸ¦€\n"
