├── data <- _ |...| _ :=
│   └── gzip <- gzip.main :=
│       └── 0 :=
│           ├── header <- gzip.header :=
│           │   ├── magic <- (...)
│           │   ├── method <- base.u8 := 8
│           │   ├── file-flags <- assert (flags -> flags.__reserved == 0) (map (packedbits -> { ... }) U8) :=
│           │   │   ├── fcomment := 0
│           │   │   ├── fname := 1
│           │   │   ├── fextra := 0
│           │   │   ├── fhcrc := 0
│           │   │   └── ftext := 0
│           │   ├── timestamp <- base.u32le := 1688888025
│           │   ├── compression-flags <- base.u8 := 0
│           │   └── os-id <- base.u8 := 3
│           ├── fextra <- maybe (header.file-flags.fextra != 0) gzip.fextra := none
│           ├── fname <- maybe (header.file-flags.fname != 0) gzip.fname :=
some "test6"
│           ├── fcomment <- maybe (header.file-flags.fcomment != 0) gzip.fcomment := none
│           ├── data <- bits deflate.main :=
│           │   ├── blocks <- repeat-until-last (x -> x.final == 1) deflate.block :=
│           │   │   └── 0 <- deflate.block :=
│           │   │       ├── final <- base.bit := 1
│           │   │       ├── type <- map (bits -> bits.1 << 1 | bits.0) (...) := 0
│           │   │       └── data <- match type { ... } :=
│           │   │           └── uncompressed <- deflate.uncompressed :=
│           │   │               ├── align <- align 8 := ()
│           │   │               ├── len <- map (bits -> as-u16 (bits.15) << 15 | as-u16 (bits.14) << 14 | as-u16 (bits.13) << 13 | as-u16 (bits.12) << 12 | as-u16 (bits.11) << 11 | as-u16 (bits.10) << 10 | as-u16 (bits.9) << 9 | as-u16 (bits.8) << 8 | as-u16 (bits.7) << 7 | as-u16 (bits.6) << 6 | as-u16 (bits.5) << 5 | as-u16 (bits.4) << 4 | as-u16 (bits.3) << 3 | as-u16 (bits.2) << 2 | as-u16 (bits.1) << 1 | as-u16 (bits.0)) (...) := 2048
│           │   │               ├── nlen <- map (bits -> as-u16 (bits.15) << 15 | as-u16 (bits.14) << 14 | as-u16 (bits.13) << 13 | as-u16 (bits.12) << 12 | as-u16 (bits.11) << 11 | as-u16 (bits.10) << 10 | as-u16 (bits.9) << 9 | as-u16 (bits.8) << 8 | as-u16 (bits.7) << 7 | as-u16 (bits.6) << 6 | as-u16 (bits.5) << 5 | as-u16 (bits.4) << 4 | as-u16 (bits.3) << 3 | as-u16 (bits.2) << 2 | as-u16 (bits.1) << 1 | as-u16 (bits.0)) (...) := 63487
│           │   │               ├── bytes <- repeat-count len (map (bits -> bits.7 << 7 | bits.6 << 6 | bits.5 << 5 | bits.4 << 4 | bits.3 << 3 | bits.2 << 2 | bits.1 << 1 | bits.0) (...)) :=
│           │   │               │   ├── 0 := 13
│           │   │               │   ├── 1 := 60
│           │   │               │   ├── 2 := 105
│           │   │               │   ├── 3 := 200
│           │   │               │   ├── 4 := 176
│           │   │               │   ├── 5 := 100
│           │   │               │   ├── 6 := 108
│           │   │               │   ├── 7 := 167
│           │   │               │   ├── 8 := 57
│           │   │               │   ├── 9 := 17
│           │   │               │   ~
│           │   │               │   └── 2047 := 194
│           │   │               └── codes-values <- compute flat-map (x -> [..]) bytes :=
│           │   │                   ├── 0 := { literal := 13 }
│           │   │                   ├── 1 := { literal := 60 }
│           │   │                   ├── 2 := { literal := 105 }
│           │   │                   ├── 3 := { literal := 200 }
│           │   │                   ├── 4 := { literal := 176 }
│           │   │                   ├── 5 := { literal := 100 }
│           │   │                   ├── 6 := { literal := 108 }
│           │   │                   ├── 7 := { literal := 167 }
│           │   │                   ├── 8 := { literal := 57 }
│           │   │                   ├── 9 := { literal := 17 }
│           │   │                   ~
│           │   │                   └── 2047 := { literal := 194 }
│           │   ├── codes <- compute flat-map (x -> match x.data { ... }) blocks :=
│           │   │   ├── 0 := { literal := 13 }
│           │   │   ├── 1 := { literal := 60 }
│           │   │   ├── 2 := { literal := 105 }
│           │   │   ├── 3 := { literal := 200 }
│           │   │   ├── 4 := { literal := 176 }
│           │   │   ├── 5 := { literal := 100 }
│           │   │   ├── 6 := { literal := 108 }
│           │   │   ├── 7 := { literal := 167 }
│           │   │   ├── 8 := { literal := 57 }
│           │   │   ├── 9 := { literal := 17 }
│           │   │   ~
│           │   │   └── 2047 := { literal := 194 }
│           │   └── inflate <- compute flat-map-list (x -> match x.1 { ... }) codes :=
│           │       ├── 0 := 13
│           │       ├── 1 := 60
│           │       ├── 2 := 105
│           │       ├── 3 := 200
│           │       ├── 4 := 176
│           │       ├── 5 := 100
│           │       ├── 6 := 108
│           │       ├── 7 := 167
│           │       ├── 8 := 57
│           │       ├── 9 := 17
│           │       ~
│           │       └── 2047 := 194
│           └── footer <- gzip.footer :=
│               ├── crc <- base.u32le := 161979641
│               └── length <- base.u32le := 2048
└── end <- end-of-input
