├── data <- _ |...| _ :=
│   └── tar <- tar.main :=
│       └── contents <- repeat1 tar.header_with_data :=
│           ├── 0 <- tar.header_with_data :=
│           │   ├── header <- tar.header :=
│           │   │   ├── name <- slice 100 tar.ascii-string.opt0.nonempty := "._hello"
│           │   │   ├── mode <- { ... } :=
│           │   │   │   └── string <- repeat-count 7 base.ascii-char := "000644 "
│           │   │   ├── uid <- { ... } :=
│           │   │   │   └── string <- repeat-count 7 base.ascii-char := "000765 "
│           │   │   ├── gid <- { ... } :=
│           │   │   │   └── string <- repeat-count 7 base.ascii-char := "000024 "
│           │   │   ├── size <- { ... } := 163
│           │   │   ├── mtime <- { ... } :=
│           │   │   │   └── string <- repeat-count 11 base.ascii-char := "14520553416"
│           │   │   ├── chksum <- { ... } :=
│           │   │   │   └── string <- repeat-count 7 base.ascii-char := "013113\0"
│           │   │   ├── typeflag <- base.u8 := 48
│           │   │   ├── linkname <- slice 100 tar.ascii-string.opt0 := ""
│           │   │   ├── magic <- (...)
│           │   │   ├── version <- (...)
│           │   │   ├── uname <- slice 32 tar.ascii-string := "mikeday"
│           │   │   ├── gname <- slice 32 tar.ascii-string := "staff"
│           │   │   ├── devmajor <- { ... } :=
│           │   │   │   └── string <- repeat-count 7 base.ascii-char := "000000 "
│           │   │   ├── devminor <- { ... } :=
│           │   │   │   └── string <- repeat-count 7 base.ascii-char := "000000 "
│           │   │   ├── prefix <- slice 155 tar.ascii-string.opt0 := ""
│           │   │   └── pad <- repeat-count 12 [= 0]
│           │   └── file <- { ... } :=
│           │       ├── 0 := 0
│           │       ├── 1 := 5
│           │       ├── 2 := 22
│           │       ├── 3 := 7
│           │       ├── 4 := 0
│           │       ├── 5 := 2
│           │       ├── 6 := 0
│           │       ├── 7 := 0
│           │       ├── 8 := 77
│           │       ├── 9 := 97
│           │       ~
│           │       └── 162 := 185
│           ├── 1 <- tar.header_with_data :=
│           │   ├── header <- tar.header :=
│           │   │   ├── name <- slice 100 tar.ascii-string.opt0.nonempty := "PaxHeader/hello"
│           │   │   ├── mode <- { ... } :=
│           │   │   │   └── string <- repeat-count 7 base.ascii-char := "000644 "
│           │   │   ├── uid <- { ... } :=
│           │   │   │   └── string <- repeat-count 7 base.ascii-char := "000765 "
│           │   │   ├── gid <- { ... } :=
│           │   │   │   └── string <- repeat-count 7 base.ascii-char := "000024 "
│           │   │   ├── size <- { ... } := 136
│           │   │   ├── mtime <- { ... } :=
│           │   │   │   └── string <- repeat-count 11 base.ascii-char := "14520553416"
│           │   │   ├── chksum <- { ... } :=
│           │   │   │   └── string <- repeat-count 7 base.ascii-char := "014641\0"
│           │   │   ├── typeflag <- base.u8 := 120
│           │   │   ├── linkname <- slice 100 tar.ascii-string.opt0 := ""
│           │   │   ├── magic <- (...)
│           │   │   ├── version <- (...)
│           │   │   ├── uname <- slice 32 tar.ascii-string := "mikeday"
│           │   │   ├── gname <- slice 32 tar.ascii-string := "staff"
│           │   │   ├── devmajor <- { ... } :=
│           │   │   │   └── string <- repeat-count 7 base.ascii-char := "000000 "
│           │   │   ├── devminor <- { ... } :=
│           │   │   │   └── string <- repeat-count 7 base.ascii-char := "000000 "
│           │   │   ├── prefix <- slice 155 tar.ascii-string.opt0 := ""
│           │   │   └── pad <- repeat-count 12 [= 0]
│           │   └── file <- { ... } :=
│           │       ├── 0 := 51
│           │       ├── 1 := 48
│           │       ├── 2 := 32
│           │       ├── 3 := 109
│           │       ├── 4 := 116
│           │       ├── 5 := 105
│           │       ├── 6 := 109
│           │       ├── 7 := 101
│           │       ├── 8 := 61
│           │       ├── 9 := 49
│           │       ~
│           │       └── 135 := 10
│           └── 2 <- tar.header_with_data :=
│               ├── header <- tar.header :=
│               │   ├── name <- slice 100 tar.ascii-string.opt0.nonempty := "hello"
│               │   ├── mode <- { ... } :=
│               │   │   └── string <- repeat-count 7 base.ascii-char := "000644 "
│               │   ├── uid <- { ... } :=
│               │   │   └── string <- repeat-count 7 base.ascii-char := "000765 "
│               │   ├── gid <- { ... } :=
│               │   │   └── string <- repeat-count 7 base.ascii-char := "000024 "
│               │   ├── size <- { ... } := 6
│               │   ├── mtime <- { ... } :=
│               │   │   └── string <- repeat-count 11 base.ascii-char := "14520553416"
│               │   ├── chksum <- { ... } :=
│               │   │   └── string <- repeat-count 7 base.ascii-char := "012673\0"
│               │   ├── typeflag <- base.u8 := 48
│               │   ├── linkname <- slice 100 tar.ascii-string.opt0 := ""
│               │   ├── magic <- (...)
│               │   ├── version <- (...)
│               │   ├── uname <- slice 32 tar.ascii-string := "mikeday"
│               │   ├── gname <- slice 32 tar.ascii-string := "staff"
│               │   ├── devmajor <- { ... } :=
│               │   │   └── string <- repeat-count 7 base.ascii-char := "000000 "
│               │   ├── devminor <- { ... } :=
│               │   │   └── string <- repeat-count 7 base.ascii-char := "000000 "
│               │   ├── prefix <- slice 155 tar.ascii-string.opt0 := ""
│               │   └── pad <- repeat-count 12 [= 0]
│               └── file <- { ... } :=
│                   ├── 0 := 72
│                   ├── 1 := 101
│                   ├── 2 := 108
│                   ├── 3 := 108
│                   ├── 4 := 111
│                   └── 5 := 10
└── end <- end-of-input
