├── soi := 216
├── frame :=
│   ├── app0 :=
│   │   ├── marker := 224
│   │   ├── length := 16
│   │   └── data :=
│   │       ├── identifier :=
│   │       │   ├── 0 := 74
│   │       │   ├── 1 := 70
│   │       │   ├── 2 := 73
│   │       │   ├── 3 := 70
│   │       │   └── 4 := 0
│   │       ├── version-major := 1
│   │       ├── version-minor := 1
│   │       ├── density-units := 1
│   │       ├── density-x := 50
│   │       ├── density-y := 50
│   │       ├── thumbnail-width := 0
│   │       ├── thumbnail-height := 0
│   │       └── thumbnail-pixels := []
│   ├── segments :=
│   │   ├── 0 :=
│   │   │   ├── marker := 219
│   │   │   ├── length := 67
│   │   │   └── data :=
│   │   │       ├── precision-table-id := 0
│   │   │       └── elements :=
│   │   │           ├── 0 := 8
│   │   │           ├── 1 := 6
│   │   │           ├── 2 := 6
│   │   │           ├── 3 := 7
│   │   │           ├── 4 := 6
│   │   │           ├── 5 := 5
│   │   │           ├── 6 := 8
│   │   │           ├── 7 := 7
│   │   │           ├── 8 := 7
│   │   │           ├── 9 := 7
│   │   │           ~
│   │   │           └── 63 := 50
│   │   └── 1 :=
│   │       ├── marker := 219
│   │       ├── length := 67
│   │       └── data :=
│   │           ├── precision-table-id := 1
│   │           └── elements :=
│   │               ├── 0 := 9
│   │               ├── 1 := 9
│   │               ├── 2 := 9
│   │               ├── 3 := 12
│   │               ├── 4 := 11
│   │               ├── 5 := 12
│   │               ├── 6 := 24
│   │               ├── 7 := 13
│   │               ├── 8 := 13
│   │               ├── 9 := 24
│   │               ~
│   │               └── 63 := 50
│   ├── header :=
│   │   ├── marker := 192
│   │   ├── length := 17
│   │   └── data :=
│   │       ├── sample-precision := 8
│   │       ├── num-lines := 97
│   │       ├── num-samples-per-line := 105
│   │       ├── num-image-components := 3
│   │       └── image-components :=
│   │           ├── 0 :=
│   │           │   ├── id := 1
│   │           │   ├── sampling-factor := 34
│   │           │   └── quantization-table-id := 0
│   │           ├── 1 :=
│   │           │   ├── id := 2
│   │           │   ├── sampling-factor := 17
│   │           │   └── quantization-table-id := 1
│   │           └── 2 :=
│   │               ├── id := 3
│   │               ├── sampling-factor := 17
│   │               └── quantization-table-id := 1
│   ├── scan :=
│   │   ├── segments :=
│   │   │   ├── 0 :=
│   │   │   │   ├── marker := 196
│   │   │   │   ├── length := 27
│   │   │   │   └── data :=
│   │   │   │       └── 0 :=
│   │   │   │           ├── class-table-id := 0
│   │   │   │           ├── num-codes :=
│   │   │   │           │   ├── 0 := 0
│   │   │   │           │   ├── 1 := 2
│   │   │   │           │   ├── 2 := 2
│   │   │   │           │   ├── 3 := 3
│   │   │   │           │   ├── 4 := 1
│   │   │   │           │   ├── 5 := 0
│   │   │   │           │   ├── 6 := 0
│   │   │   │           │   ├── 7 := 0
│   │   │   │           │   ├── 8 := 0
│   │   │   │           │   ├── 9 := 0
│   │   │   │           │   ~
│   │   │   │           │   └── 15 := 0
│   │   │   │           └── values :=
│   │   │   │               ├── 0 := 0
│   │   │   │               ├── 1 := 6
│   │   │   │               ├── 2 := 5
│   │   │   │               ├── 3 := 7
│   │   │   │               ├── 4 := 2
│   │   │   │               ├── 5 := 3
│   │   │   │               ├── 6 := 4
│   │   │   │               └── 7 := 1
│   │   │   ├── 1 :=
│   │   │   │   ├── marker := 196
│   │   │   │   ├── length := 58
│   │   │   │   └── data :=
│   │   │   │       └── 0 :=
│   │   │   │           ├── class-table-id := 16
│   │   │   │           ├── num-codes :=
│   │   │   │           │   ├── 0 := 0
│   │   │   │           │   ├── 1 := 2
│   │   │   │           │   ├── 2 := 1
│   │   │   │           │   ├── 3 := 3
│   │   │   │           │   ├── 4 := 3
│   │   │   │           │   ├── 5 := 3
│   │   │   │           │   ├── 6 := 2
│   │   │   │           │   ├── 7 := 3
│   │   │   │           │   ├── 8 := 6
│   │   │   │           │   ├── 9 := 2
│   │   │   │           │   ~
│   │   │   │           │   └── 15 := 0
│   │   │   │           └── values :=
│   │   │   │               ├── 0 := 1
│   │   │   │               ├── 1 := 2
│   │   │   │               ├── 2 := 3
│   │   │   │               ├── 3 := 4
│   │   │   │               ├── 4 := 5
│   │   │   │               ├── 5 := 17
│   │   │   │               ├── 6 := 0
│   │   │   │               ├── 7 := 18
│   │   │   │               ├── 8 := 33
│   │   │   │               ├── 9 := 6
│   │   │   │               ~
│   │   │   │               └── 38 := 225
│   │   │   ├── 2 :=
│   │   │   │   ├── marker := 196
│   │   │   │   ├── length := 26
│   │   │   │   └── data :=
│   │   │   │       └── 0 :=
│   │   │   │           ├── class-table-id := 1
│   │   │   │           ├── num-codes :=
│   │   │   │           │   ├── 0 := 0
│   │   │   │           │   ├── 1 := 2
│   │   │   │           │   ├── 2 := 3
│   │   │   │           │   ├── 3 := 1
│   │   │   │           │   ├── 4 := 1
│   │   │   │           │   ├── 5 := 0
│   │   │   │           │   ├── 6 := 0
│   │   │   │           │   ├── 7 := 0
│   │   │   │           │   ├── 8 := 0
│   │   │   │           │   ├── 9 := 0
│   │   │   │           │   ~
│   │   │   │           │   └── 15 := 0
│   │   │   │           └── values :=
│   │   │   │               ├── 0 := 0
│   │   │   │               ├── 1 := 4
│   │   │   │               ├── 2 := 1
│   │   │   │               ├── 3 := 3
│   │   │   │               ├── 4 := 5
│   │   │   │               ├── 5 := 2
│   │   │   │               └── 6 := 6
│   │   │   └── 3 :=
│   │   │       ├── marker := 196
│   │   │       ├── length := 38
│   │   │       └── data :=
│   │   │           └── 0 :=
│   │   │               ├── class-table-id := 17
│   │   │               ├── num-codes :=
│   │   │               │   ├── 0 := 0
│   │   │               │   ├── 1 := 3
│   │   │               │   ├── 2 := 0
│   │   │               │   ├── 3 := 2
│   │   │               │   ├── 4 := 2
│   │   │               │   ├── 5 := 2
│   │   │               │   ├── 6 := 1
│   │   │               │   ├── 7 := 4
│   │   │               │   ├── 8 := 2
│   │   │               │   ├── 9 := 3
│   │   │               │   ~
│   │   │               │   └── 15 := 0
│   │   │               └── values :=
│   │   │                   ├── 0 := 0
│   │   │                   ├── 1 := 1
│   │   │                   ├── 2 := 2
│   │   │                   ├── 3 := 3
│   │   │                   ├── 4 := 17
│   │   │                   ├── 5 := 4
│   │   │                   ├── 6 := 33
│   │   │                   ├── 7 := 18
│   │   │                   ├── 8 := 49
│   │   │                   ├── 9 := 34
│   │   │                   ~
│   │   │                   └── 18 := 145
│   │   ├── sos :=
│   │   │   ├── marker := 218
│   │   │   ├── length := 12
│   │   │   └── data :=
│   │   │       ├── num-image-components := 3
│   │   │       ├── image-components :=
│   │   │       │   ├── 0 :=
│   │   │       │   │   ├── component-selector := 1
│   │   │       │   │   └── entropy-coding-table-ids := 0
│   │   │       │   ├── 1 :=
│   │   │       │   │   ├── component-selector := 2
│   │   │       │   │   └── entropy-coding-table-ids := 17
│   │   │       │   └── 2 :=
│   │   │       │       ├── component-selector := 3
│   │   │       │       └── entropy-coding-table-ids := 17
│   │   │       ├── start-spectral-selection := 0
│   │   │       ├── end-spectral-selection := 63
│   │   │       └── approximation-bit-position := 0
│   │   └── data :=
│   │       ├── 0 := 191
│   │       ├── 1 := 244
│   │       ├── 2 := 104
│   │       ├── 3 := 209
│   │       ├── 4 := 160
│   │       ├── 5 := 3
│   │       ├── 6 := 70
│   │       ├── 7 := 141
│   │       ├── 8 := 26
│   │       ├── 9 := 0
│   │       ~
│   │       └── 3636 := 15
│   ├── dnl := ()
│   └── scans := []
└── eoi := 217
