└── data <- _ |...| _ :=
    └── jpeg <- jpeg.main :=
        ├── soi <- jpeg.soi
        ├── frame <- jpeg.frame :=
        │   ├── initial-segment <- _ |...| _ :=
        │   │   └── app1 <- jpeg.app1 :=
        │   │       ├── marker <- { ... }
        │   │       ├── length <- base.u16be := 5426
        │   │       └── data <- slice (length - 2) jpeg.app1-data :=
        │   │           ├── identifier <- base.asciiz-string := "Exif"
        │   │           └── data <- match identifier.string { ... } :=
        │   │               └── exif <- jpeg.app1-exif :=
        │   │                   ├── padding <- [= 0]
        │   │                   └── exif <- tiff.main :=
        │   │                       ├── start_of_header <- map (x -> as-u32 x) pos := 12
        │   │                       ├── byte-order <- _ |...| _ := be
        │   │                       ├── magic <- match byte-order { ... } := 42
        │   │                       ├── offset <- match byte-order { ... } := 8
        │   │                       └── ifd <- with-relative-offset start_of_header offset (match byte-order { ... }) :=
        │   │                           ├── num-fields <- base.u16be := 7
        │   │                           ├── fields <- repeat-count num-fields { ... } :=
        │   │                           │   ├── 0 :=
        │   │                           │   │   ├── tag <- base.u16be := 274
        │   │                           │   │   ├── type <- base.u16be := 3
        │   │                           │   │   ├── length <- base.u32be := 1
        │   │                           │   │   └── offset-or-data <- base.u32be := 65536
        │   │                           │   ├── 1 :=
        │   │                           │   │   ├── tag <- base.u16be := 282
        │   │                           │   │   ├── type <- base.u16be := 5
        │   │                           │   │   ├── length <- base.u32be := 1
        │   │                           │   │   └── offset-or-data <- base.u32be := 98
        │   │                           │   ├── 2 :=
        │   │                           │   │   ├── tag <- base.u16be := 283
        │   │                           │   │   ├── type <- base.u16be := 5
        │   │                           │   │   ├── length <- base.u32be := 1
        │   │                           │   │   └── offset-or-data <- base.u32be := 106
        │   │                           │   ├── 3 :=
        │   │                           │   │   ├── tag <- base.u16be := 296
        │   │                           │   │   ├── type <- base.u16be := 3
        │   │                           │   │   ├── length <- base.u32be := 1
        │   │                           │   │   └── offset-or-data <- base.u32be := 131072
        │   │                           │   ├── 4 :=
        │   │                           │   │   ├── tag <- base.u16be := 305
        │   │                           │   │   ├── type <- base.u16be := 2
        │   │                           │   │   ├── length <- base.u32be := 30
        │   │                           │   │   └── offset-or-data <- base.u32be := 114
        │   │                           │   ├── 5 :=
        │   │                           │   │   ├── tag <- base.u16be := 306
        │   │                           │   │   ├── type <- base.u16be := 2
        │   │                           │   │   ├── length <- base.u32be := 20
        │   │                           │   │   └── offset-or-data <- base.u32be := 144
        │   │                           │   └── 6 :=
        │   │                           │       ├── tag <- base.u16be := 34665
        │   │                           │       ├── type <- base.u16be := 4
        │   │                           │       ├── length <- base.u32be := 1
        │   │                           │       └── offset-or-data <- base.u32be := 164
        │   │                           ├── next-ifd-offset <- base.u32be := 208
        │   │                           └── next-ifd <- repeat base.u8 :=
        │   │                               ├── 0 := 0
        │   │                               ├── 1 := 45
        │   │                               ├── 2 := 198
        │   │                               ├── 3 := 192
        │   │                               ├── 4 := 0
        │   │                               ├── 5 := 0
        │   │                               ├── 6 := 39
        │   │                               ├── 7 := 16
        │   │                               ├── 8 := 0
        │   │                               ├── 9 := 45
        │   │                               ~
        │   │                               └── 5319 := 217
        │   ├── segments <- repeat jpeg.table-or-misc :=
        │   │   ├── 0 <- jpeg.table-or-misc :=
        │   │   │   └── app13 <- jpeg.app13 :=
        │   │   │       ├── marker <- { ... }
        │   │   │       ├── length <- base.u16be := 10600
        │   │   │       └── data <- slice (length - 2) (repeat base.u8) :=
        │   │   │           ├── 0 := 80
        │   │   │           ├── 1 := 104
        │   │   │           ├── 2 := 111
        │   │   │           ├── 3 := 116
        │   │   │           ├── 4 := 111
        │   │   │           ├── 5 := 115
        │   │   │           ├── 6 := 104
        │   │   │           ├── 7 := 111
        │   │   │           ├── 8 := 112
        │   │   │           ├── 9 := 32
        │   │   │           ~
        │   │   │           └── 10597 := 0
        │   │   ├── 1 <- jpeg.table-or-misc :=
        │   │   │   └── app1 <- jpeg.app1 :=
        │   │   │       ├── marker <- { ... }
        │   │   │       ├── length <- base.u16be := 4429
        │   │   │       └── data <- slice (length - 2) jpeg.app1-data :=
        │   │   │           ├── identifier <- base.asciiz-string := "http://ns.adobe.com/xap/1.0/"
        │   │   │           └── data <- match identifier.string { ... } :=
        │   │   │               └── xmp <- jpeg.app1-xmp :=
        │   │   │                   └── xmp <- repeat base.u8 :=
        │   │   │                       ├── 0 := 60
        │   │   │                       ├── 1 := 63
        │   │   │                       ├── 2 := 120
        │   │   │                       ├── 3 := 112
        │   │   │                       ├── 4 := 97
        │   │   │                       ├── 5 := 99
        │   │   │                       ├── 6 := 107
        │   │   │                       ├── 7 := 101
        │   │   │                       ├── 8 := 116
        │   │   │                       ├── 9 := 32
        │   │   │                       ~
        │   │   │                       └── 4397 := 62
        │   │   ├── 2 <- jpeg.table-or-misc :=
        │   │   │   └── app2 <- jpeg.app2 :=
        │   │   │       ├── marker <- { ... }
        │   │   │       ├── length <- base.u16be := 576
        │   │   │       └── data <- slice (length - 2) (repeat base.u8) :=
        │   │   │           ├── 0 := 73
        │   │   │           ├── 1 := 67
        │   │   │           ├── 2 := 67
        │   │   │           ├── 3 := 95
        │   │   │           ├── 4 := 80
        │   │   │           ├── 5 := 82
        │   │   │           ├── 6 := 79
        │   │   │           ├── 7 := 70
        │   │   │           ├── 8 := 73
        │   │   │           ├── 9 := 76
        │   │   │           ~
        │   │   │           └── 573 := 156
        │   │   ├── 3 <- jpeg.table-or-misc :=
        │   │   │   └── app14 <- jpeg.app14 :=
        │   │   │       ├── marker <- { ... }
        │   │   │       ├── length <- base.u16be := 14
        │   │   │       └── data <- slice (length - 2) (repeat base.u8) :=
        │   │   │           ├── 0 := 65
        │   │   │           ├── 1 := 100
        │   │   │           ├── 2 := 111
        │   │   │           ├── 3 := 98
        │   │   │           ├── 4 := 101
        │   │   │           ├── 5 := 0
        │   │   │           ├── 6 := 100
        │   │   │           ├── 7 := 64
        │   │   │           ├── 8 := 0
        │   │   │           ├── 9 := 0
        │   │   │           ~
        │   │   │           └── 11 := 1
        │   │   └── 4 <- jpeg.table-or-misc :=
        │   │       └── dqt <- jpeg.dqt :=
        │   │           ├── marker <- { ... }
        │   │           ├── length <- base.u16be := 132
        │   │           └── data <- slice (length - 2) (repeat1 jpeg.dqt-data) :=
        │   │               ├── 0 <- jpeg.dqt-data :=
        │   │               │   ├── precision-table-id <- assert (precision-table-id -> (precision-table-id.precision <= 1) && (precision-table-id.table-id <= 3)) (map (packed_bits -> { ... }) U8) :=
        │   │               │   │   ├── precision := 0
        │   │               │   │   └── table-id := 0
        │   │               │   └── elements <- match precision-table-id.precision { ... } :=
        │   │               │       └── Bytes <- repeat-count 64 base.u8 :=
        │   │               │           ├── 0 := 2
        │   │               │           ├── 1 := 2
        │   │               │           ├── 2 := 2
        │   │               │           ├── 3 := 2
        │   │               │           ├── 4 := 2
        │   │               │           ├── 5 := 2
        │   │               │           ├── 6 := 2
        │   │               │           ├── 7 := 2
        │   │               │           ├── 8 := 2
        │   │               │           ├── 9 := 2
        │   │               │           ~
        │   │               │           └── 63 := 12
        │   │               └── 1 <- jpeg.dqt-data :=
        │   │                   ├── precision-table-id <- assert (precision-table-id -> (precision-table-id.precision <= 1) && (precision-table-id.table-id <= 3)) (map (packed_bits -> { ... }) U8) :=
        │   │                   │   ├── precision := 0
        │   │                   │   └── table-id := 1
        │   │                   └── elements <- match precision-table-id.precision { ... } :=
        │   │                       └── Bytes <- repeat-count 64 base.u8 :=
        │   │                           ├── 0 := 3
        │   │                           ├── 1 := 3
        │   │                           ├── 2 := 3
        │   │                           ├── 3 := 5
        │   │                           ├── 4 := 4
        │   │                           ├── 5 := 5
        │   │                           ├── 6 := 9
        │   │                           ├── 7 := 6
        │   │                           ├── 8 := 6
        │   │                           ├── 9 := 9
        │   │                           ~
        │   │                           └── 63 := 12
        │   ├── header <- jpeg.frame-header :=
        │   │   └── sof0 <- jpeg.sof0 :=
        │   │       ├── marker <- { ... }
        │   │       ├── length <- base.u16be := 17
        │   │       └── data <- slice (length - 2) jpeg.sof-data :=
        │   │           ├── sample-precision <- assert (x -> (x >= 2) && (x <= 16)) base.u8 := 8
        │   │           ├── num-lines <- base.u16be := 709
        │   │           ├── num-samples-per-line <- assert (x -> x != 0) base.u16be := 709
        │   │           ├── num-image-components <- assert (x -> x != 0) base.u8 := 3
        │   │           └── image-components <- repeat-count num-image-components jpeg.sof-image-component :=
        │   │               ├── 0 <- jpeg.sof-image-component :=
        │   │               │   ├── id <- base.u8 := 1
        │   │               │   ├── sampling-factor <- map (packed_bits -> { ... }) U8 :=
        │   │               │   │   ├── horizontal := 1
        │   │               │   │   └── vertical := 1
        │   │               │   └── quantization-table-id <- assert (x -> x <= 3) base.u8 := 0
        │   │               ├── 1 <- jpeg.sof-image-component :=
        │   │               │   ├── id <- base.u8 := 2
        │   │               │   ├── sampling-factor <- map (packed_bits -> { ... }) U8 :=
        │   │               │   │   ├── horizontal := 1
        │   │               │   │   └── vertical := 1
        │   │               │   └── quantization-table-id <- assert (x -> x <= 3) base.u8 := 1
        │   │               └── 2 <- jpeg.sof-image-component :=
        │   │                   ├── id <- base.u8 := 3
        │   │                   ├── sampling-factor <- map (packed_bits -> { ... }) U8 :=
        │   │                   │   ├── horizontal := 1
        │   │                   │   └── vertical := 1
        │   │                   └── quantization-table-id <- assert (x -> x <= 3) base.u8 := 1
        │   ├── scan <- jpeg.scan :=
        │   │   ├── segments <- repeat jpeg.table-or-misc :=
        │   │   │   ├── 0 <- jpeg.table-or-misc :=
        │   │   │   │   └── dri <- jpeg.dri :=
        │   │   │   │       ├── marker <- { ... }
        │   │   │   │       ├── length <- base.u16be := 4
        │   │   │   │       └── data <- slice (length - 2) jpeg.dri-data :=
        │   │   │   │           └── restart-interval <- base.u16be := 89
        │   │   │   └── 1 <- jpeg.table-or-misc :=
        │   │   │       └── dht <- jpeg.dht :=
        │   │   │           ├── marker <- { ... }
        │   │   │           ├── length <- base.u16be := 418
        │   │   │           └── data <- slice (length - 2) jpeg.dht-data :=
        │   │   │               ├── class-table-id <- assert (class-table-id -> (class-table-id.class < 2) && (class-table-id.table-id < 4)) (map (packed_bits -> { ... }) U8) :=
        │   │   │               │   ├── class := 0
        │   │   │               │   └── table-id := 0
        │   │   │               ├── num-codes <- repeat-count 16 base.u8 :=
        │   │   │               │   ├── 0 := 0
        │   │   │               │   ├── 1 := 0
        │   │   │               │   ├── 2 := 7
        │   │   │               │   ├── 3 := 1
        │   │   │               │   ├── 4 := 1
        │   │   │               │   ├── 5 := 1
        │   │   │               │   ├── 6 := 1
        │   │   │               │   ├── 7 := 1
        │   │   │               │   ├── 8 := 0
        │   │   │               │   ├── 9 := 0
        │   │   │               │   ~
        │   │   │               │   └── 15 := 0
        │   │   │               └── values <- for-each num-codes n (repeat-count n base.u8) :=
        │   │   │                   ├── 0 := []
        │   │   │                   ├── 1 := []
        │   │   │                   ├── 2 :=
        │   │   │                   │   ├── 0 := 4
        │   │   │                   │   ├── 1 := 5
        │   │   │                   │   ├── 2 := 3
        │   │   │                   │   ├── 3 := 2
        │   │   │                   │   ├── 4 := 6
        │   │   │                   │   ├── 5 := 1
        │   │   │                   │   └── 6 := 0
        │   │   │                   ├── 3 :=
        │   │   │                   │   └── 0 := 7
        │   │   │                   ├── 4 :=
        │   │   │                   │   └── 0 := 8
        │   │   │                   ├── 5 :=
        │   │   │                   │   └── 0 := 9
        │   │   │                   ├── 6 :=
        │   │   │                   │   └── 0 := 10
        │   │   │                   ├── 7 :=
        │   │   │                   │   └── 0 := 11
        │   │   │                   ├── 8 := []
        │   │   │                   ├── 9 := []
        │   │   │                   ~
        │   │   │                   └── 15 := []
        │   │   ├── sos <- jpeg.sos :=
        │   │   │   ├── marker <- { ... }
        │   │   │   ├── length <- base.u16be := 12
        │   │   │   └── data <- slice (length - 2) jpeg.sos-data :=
        │   │   │       ├── num-image-components <- assert (x -> (x >= 1) && (x <= 4)) base.u8 := 3
        │   │   │       ├── image-components <- repeat-count num-image-components jpeg.sos-image-component :=
        │   │   │       │   ├── 0 <- jpeg.sos-image-component :=
        │   │   │       │   │   ├── component-selector <- base.u8 := 1
        │   │   │       │   │   └── entropy-coding-table-ids <- assert (entropy-coding-table-ids -> (entropy-coding-table-ids.dc-entropy-coding-table-id <= 3) && (entropy-coding-table-ids.ac-entropy-coding-table-id <= 3)) (map (packed_bits -> { ... }) U8) :=
        │   │   │       │   │       ├── dc-entropy-coding-table-id := 0
        │   │   │       │   │       └── ac-entropy-coding-table-id := 0
        │   │   │       │   ├── 1 <- jpeg.sos-image-component :=
        │   │   │       │   │   ├── component-selector <- base.u8 := 2
        │   │   │       │   │   └── entropy-coding-table-ids <- assert (entropy-coding-table-ids -> (entropy-coding-table-ids.dc-entropy-coding-table-id <= 3) && (entropy-coding-table-ids.ac-entropy-coding-table-id <= 3)) (map (packed_bits -> { ... }) U8) :=
        │   │   │       │   │       ├── dc-entropy-coding-table-id := 1
        │   │   │       │   │       └── ac-entropy-coding-table-id := 1
        │   │   │       │   └── 2 <- jpeg.sos-image-component :=
        │   │   │       │       ├── component-selector <- base.u8 := 3
        │   │   │       │       └── entropy-coding-table-ids <- assert (entropy-coding-table-ids -> (entropy-coding-table-ids.dc-entropy-coding-table-id <= 3) && (entropy-coding-table-ids.ac-entropy-coding-table-id <= 3)) (map (packed_bits -> { ... }) U8) :=
        │   │   │       │           ├── dc-entropy-coding-table-id := 1
        │   │   │       │           └── ac-entropy-coding-table-id := 1
        │   │   │       ├── start-spectral-selection <- assert (x -> x <= 63) base.u8 := 0
        │   │   │       ├── end-spectral-selection <- assert (x -> x <= 63) base.u8 := 63
        │   │   │       └── approximation-bit-position <- map (packed_bits -> { ... }) U8 :=
        │   │   │           ├── high := 0
        │   │   │           └── low := 0
        │   │   └── data <- jpeg.scan-data :=
        │   │       ├── scan-data <- repeat (_ |...| _) :=
        │   │       │   ├── 0 := { mcu := 248 }
        │   │       │   ├── 1 := { mcu := 204 }
        │   │       │   ├── 2 := { mcu := 64 }
        │   │       │   ├── 3 := { mcu := 237 }
        │   │       │   ├── 4 := { mcu := 185 }
        │   │       │   ├── 5 := { mcu := 29 }
        │   │       │   ├── 6 := { mcu := 72 }
        │   │       │   ├── 7 := { mcu := 223 }
        │   │       │   ├── 8 := { mcu := 62 }
        │   │       │   ├── 9 := { mcu := 221 }
        │   │       │   ~
        │   │       │   └── 80492 := { mcu := 95 }
        │   │       └── scan-data-stream <- compute flat-map (x -> match x { ... }) scan-data :=
        │   │           ├── 0 := 248
        │   │           ├── 1 := 204
        │   │           ├── 2 := 64
        │   │           ├── 3 := 237
        │   │           ├── 4 := 185
        │   │           ├── 5 := 29
        │   │           ├── 6 := 72
        │   │           ├── 7 := 223
        │   │           ├── 8 := 62
        │   │           ├── 9 := 221
        │   │           ~
        │   │           └── 80404 := 95
        │   ├── dnl <- _ |...| _ := none
        │   └── scans <- repeat jpeg.scan := []
        └── eoi <- jpeg.eoi
