├── data <- _ |...| _ :=
│   └── gif <- gif.main :=
│       ├── header <- gif.header :=
│       │   ├── signature <- (...)
│       │   └── version <- repeat-count 3 base.ascii-char := "89a"
│       ├── logical-screen <- gif.logical-screen :=
│       │   ├── descriptor <- gif.logical-screen-descriptor :=
│       │   │   ├── screen-width <- base.u16le := 50
│       │   │   ├── screen-height <- base.u16le := 50
│       │   │   ├── flags <- base.u8 := 244
│       │   │   ├── bg-color-index <- base.u8 := 0
│       │   │   └── pixel-aspect-ratio <- base.u8 := 0
│       │   └── global-color-table <- match ((descriptor.flags & 128) != 0) { ... } :=
│       │       └──    r   g   b
│       │              0   0   0
│       │            162 161 162
│       │            158 157 158
│       │            114 117 117
│       │            124 126 126
│       │            132 134 134
│       │            205 206 206
│       │            196 197 197
│       │            173 174 174
│       │            143 144 144
│       │            152 150 151
│       │            149 159 157
│       │            212 229 225
│       │             52  56  55
│       │             88  92  91
│       │            231 239 237
│       │            156 170 166
│       │             72  75  74
│       │            179 182 181
│       │            103 105 104
│       │            191 193 192
│       │            211 212 211
│       │            218 218 217
│       │            226 224 223
│       │            231 229 229
│       │            187 186 186
│       │            168 167 167
│       │            201 201 201
│       │            138 138 138
│       │              0   0   0
│       │              0   0   0
│       │              0   0   0
│       ├── blocks <- repeat gif.block :=
│       │   └── 0 <- gif.block :=
│       │       └── graphic-block <- gif.graphic-block :=
│       │           ├── graphic-control-extension <- _ |...| _ :=
│       │           │   └── some <- gif.graphic-control-extension :=
│       │           │       ├── separator <- [= 33]
│       │           │       ├── label <- [= 249]
│       │           │       ├── block-size <- [= 4]
│       │           │       ├── flags <- base.u8 := 1
│       │           │       ├── delay-time <- base.u16le := 0
│       │           │       ├── transparent-color-index <- base.u8 := 0
│       │           │       └── terminator <- gif.block-terminator
│       │           └── graphic-rendering-block <- gif.graphic-rendering-block :=
│       │               └── table-based-image <- gif.table-based-image :=
│       │                   ├── descriptor <- gif.image-descriptor :=
│       │                   │   ├── separator <- [= 44]
│       │                   │   ├── image-left-position <- base.u16le := 0
│       │                   │   ├── image-top-position <- base.u16le := 0
│       │                   │   ├── image-width <- base.u16le := 50
│       │                   │   ├── image-height <- base.u16le := 50
│       │                   │   └── flags <- base.u8 := 0
│       │                   ├── local-color-table <- match ((descriptor.flags & 128) != 0) { ... } := ()
│       │                   └── data <- gif.table-based-image-data :=
│       │                       ├── lzw-min-code-size <- base.u8 := 5
│       │                       ├── image-data <- repeat gif.subblock :=
│       │                       │   ├── 0 <- gif.subblock :=
│       │                       │   │   ├── len-bytes <- [!= 0] := 255
│       │                       │   │   └── data <- repeat-count len-bytes base.u8 :=
│       │                       │   │       ├── 0 <- base.u8 := 32
│       │                       │   │       ├── 1 <- base.u8 := 32
│       │                       │   │       ├── 2 <- base.u8 := 50
│       │                       │   │       ├── 3 <- base.u8 := 217
│       │                       │   │       ├── 4 <- base.u8 := 192
│       │                       │   │       ├── 5 <- base.u8 := 105
│       │                       │   │       ├── 6 <- base.u8 := 210
│       │                       │   │       ├── 7 <- base.u8 := 193
│       │                       │   │       ├── 8 <- base.u8 := 60
│       │                       │   │       ├── 9 <- base.u8 := 172
│       │                       │   │       ~
│       │                       │   │       └── 254 <- base.u8 := 34
│       │                       │   ├── 1 <- gif.subblock :=
│       │                       │   │   ├── len-bytes <- [!= 0] := 255
│       │                       │   │   └── data <- repeat-count len-bytes base.u8 :=
│       │                       │   │       ├── 0 <- base.u8 := 74
│       │                       │   │       ├── 1 <- base.u8 := 156
│       │                       │   │       ├── 2 <- base.u8 := 120
│       │                       │   │       ├── 3 <- base.u8 := 15
│       │                       │   │       ├── 4 <- base.u8 := 129
│       │                       │   │       ├── 5 <- base.u8 := 197
│       │                       │   │       ├── 6 <- base.u8 := 3
│       │                       │   │       ├── 7 <- base.u8 := 27
│       │                       │   │       ├── 8 <- base.u8 := 252
│       │                       │   │       ├── 9 <- base.u8 := 85
│       │                       │   │       ~
│       │                       │   │       └── 254 <- base.u8 := 212
│       │                       │   ├── 2 <- gif.subblock :=
│       │                       │   │   ├── len-bytes <- [!= 0] := 255
│       │                       │   │   └── data <- repeat-count len-bytes base.u8 :=
│       │                       │   │       ├── 0 <- base.u8 := 99
│       │                       │   │       ├── 1 <- base.u8 := 234
│       │                       │   │       ├── 2 <- base.u8 := 225
│       │                       │   │       ├── 3 <- base.u8 := 70
│       │                       │   │       ├── 4 <- base.u8 := 150
│       │                       │   │       ├── 5 <- base.u8 := 76
│       │                       │   │       ├── 6 <- base.u8 := 6
│       │                       │   │       ├── 7 <- base.u8 := 164
│       │                       │   │       ├── 8 <- base.u8 := 17
│       │                       │   │       ├── 9 <- base.u8 := 0
│       │                       │   │       ~
│       │                       │   │       └── 254 <- base.u8 := 195
│       │                       │   ├── 3 <- gif.subblock :=
│       │                       │   │   ├── len-bytes <- [!= 0] := 255
│       │                       │   │   └── data <- repeat-count len-bytes base.u8 :=
│       │                       │   │       ├── 0 <- base.u8 := 9
│       │                       │   │       ├── 1 <- base.u8 := 106
│       │                       │   │       ├── 2 <- base.u8 := 132
│       │                       │   │       ├── 3 <- base.u8 := 1
│       │                       │   │       ├── 4 <- base.u8 := 75
│       │                       │   │       ├── 5 <- base.u8 := 26
│       │                       │   │       ├── 6 <- base.u8 := 122
│       │                       │   │       ├── 7 <- base.u8 := 26
│       │                       │   │       ├── 8 <- base.u8 := 0
│       │                       │   │       ├── 9 <- base.u8 := 192
│       │                       │   │       ~
│       │                       │   │       └── 254 <- base.u8 := 182
│       │                       │   └── 4 <- gif.subblock :=
│       │                       │       ├── len-bytes <- [!= 0] := 81
│       │                       │       └── data <- repeat-count len-bytes base.u8 :=
│       │                       │           ├── 0 <- base.u8 := 28
│       │                       │           ├── 1 <- base.u8 := 228
│       │                       │           ├── 2 <- base.u8 := 252
│       │                       │           ├── 3 <- base.u8 := 48
│       │                       │           ├── 4 <- base.u8 := 24
│       │                       │           ├── 5 <- base.u8 := 201
│       │                       │           ├── 6 <- base.u8 := 154
│       │                       │           ├── 7 <- base.u8 := 203
│       │                       │           ├── 8 <- base.u8 := 96
│       │                       │           ├── 9 <- base.u8 := 1
│       │                       │           ~
│       │                       │           └── 80 <- base.u8 := 8
│       │                       └── terminator <- gif.block-terminator
│       └── trailer <- gif.trailer
└── end <- end-of-input
