└── data <- _ |...| _ :=
    └── rle <- rle.main :=
        └── old-style <- rle.old-style :=
            ├── runs <- repeat rle.old-style.run :=
            │   ├── 0 <- rle.old-style.run :=
            │   │   ├── len <- ReadU8 := 5
            │   │   ├── char <- ReadU8 := 65
            │   │   └── buf <- repeat-count len (compute char) :=
            │   │       ├── 0 := 65
            │   │       ├── 1 := 65
            │   │       ├── 2 := 65
            │   │       ├── 3 := 65
            │   │       └── 4 := 65
            │   ├── 1 <- rle.old-style.run :=
            │   │   ├── len <- ReadU8 := 4
            │   │   ├── char <- ReadU8 := 66
            │   │   └── buf <- repeat-count len (compute char) :=
            │   │       ├── 0 := 66
            │   │       ├── 1 := 66
            │   │       ├── 2 := 66
            │   │       └── 3 := 66
            │   ├── 2 <- rle.old-style.run :=
            │   │   ├── len <- ReadU8 := 11
            │   │   ├── char <- ReadU8 := 65
            │   │   └── buf <- repeat-count len (compute char) :=
            │   │       ├── 0 := 65
            │   │       ├── 1 := 65
            │   │       ├── 2 := 65
            │   │       ├── 3 := 65
            │   │       ├── 4 := 65
            │   │       ├── 5 := 65
            │   │       ├── 6 := 65
            │   │       ├── 7 := 65
            │   │       ├── 8 := 65
            │   │       ├── 9 := 65
            │   │       └── 10 := 65
            │   ├── 3 <- rle.old-style.run :=
            │   │   ├── len <- ReadU8 := 11
            │   │   ├── char <- ReadU8 := 66
            │   │   └── buf <- repeat-count len (compute char) :=
            │   │       ├── 0 := 66
            │   │       ├── 1 := 66
            │   │       ├── 2 := 66
            │   │       ├── 3 := 66
            │   │       ├── 4 := 66
            │   │       ├── 5 := 66
            │   │       ├── 6 := 66
            │   │       ├── 7 := 66
            │   │       ├── 8 := 66
            │   │       ├── 9 := 66
            │   │       └── 10 := 66
            │   ├── 4 <- rle.old-style.run :=
            │   │   ├── len <- ReadU8 := 7
            │   │   ├── char <- ReadU8 := 67
            │   │   └── buf <- repeat-count len (compute char) :=
            │   │       ├── 0 := 67
            │   │       ├── 1 := 67
            │   │       ├── 2 := 67
            │   │       ├── 3 := 67
            │   │       ├── 4 := 67
            │   │       ├── 5 := 67
            │   │       └── 6 := 67
            │   ├── 5 <- rle.old-style.run :=
            │   │   ├── len <- ReadU8 := 1
            │   │   ├── char <- ReadU8 := 68
            │   │   └── buf <- repeat-count len (compute char) :=
            │   │       └── 0 := 68
            │   ├── 6 <- rle.old-style.run :=
            │   │   ├── len <- ReadU8 := 1
            │   │   ├── char <- ReadU8 := 69
            │   │   └── buf <- repeat-count len (compute char) :=
            │   │       └── 0 := 69
            │   └── 7 <- rle.old-style.run :=
            │       ├── len <- ReadU8 := 4
            │       ├── char <- ReadU8 := 70
            │       └── buf <- repeat-count len (compute char) :=
            │           ├── 0 := 70
            │           ├── 1 := 70
            │           ├── 2 := 70
            │           └── 3 := 70
            └── data <- ascii-str (compute flat-map (run -> run.buf) runs) := "AAAAABBBBAAAAAAAAAAABBBBBBBBBBBCCCCCCCDEFFFF"
