├── data <- _ |...| _ :=
│   └── text <- text.string :=
│       └── utf8 <- text.string.utf8 := "この🦀は擂り身ではなく、本物のカニです。\n"
└── end <- end-of-input
