├── data <- _ |...| _ :=
{ text := │   ├── 0 := 71
│   ├── 1 := 73
│   ├── 2 := 70
│   ├── 3 := 56
│   ├── 4 := 57
│   ├── 5 := 97
│   ├── 6 := 32
│   ├── 7 := 105
│   ├── 8 := 115
│   ├── 9 := 32
│   ~
│   └── 26 := 10
 }└── end <- end-of-input
