├── data <- _ |...| _ :=
│   └── tgz <- tgz.main :=
│       └── 0 :=
│           └── contents <- repeat1 tar.header_with_data :=
│               └── 0 <- tar.header_with_data :=
│                   ├── header <- tar.header :=
│                   │   ├── name <- slice 100 tar.ascii-string.opt0.nonempty := "hello"
│                   │   ├── mode <- slice 8 { ... } :=
│                   │   │   └── string <- repeat base.ascii-char.octal := "0000644"
│                   │   ├── uid <- slice 8 { ... } :=
│                   │   │   └── string <- repeat base.ascii-char.octal := "0001750"
│                   │   ├── gid <- slice 8 { ... } :=
│                   │   │   └── string <- repeat base.ascii-char.octal := "0001750"
│                   │   ├── size <- map (rec -> rec.value) { ... } := 6
│                   │   ├── mtime <- slice 12 { ... } :=
│                   │   │   └── string <- repeat base.ascii-char.octal := "14520553416"
│                   │   ├── chksum <- slice 8 { ... } :=
│                   │   │   └── string <- repeat base.ascii-char.octal := "012425"
│                   │   ├── typeflag <- base.ascii-char := '0'
│                   │   ├── linkname <- slice 100 tar.ascii-string.opt0 := ""
│                   │   ├── magic <- (...)
│                   │   ├── version <- (...)
│                   │   ├── uname <- slice 32 tar.ascii-string := "peter"
│                   │   ├── gname <- slice 32 tar.ascii-string := "peter"
│                   │   ├── devmajor <- slice 8 { ... } :=
│                   │   │   └── string <- repeat base.ascii-char.octal := "0000000"
│                   │   ├── devminor <- slice 8 { ... } :=
│                   │   │   └── string <- repeat base.ascii-char.octal := "0000000"
│                   │   ├── prefix <- slice 155 tar.ascii-string.opt0 := ""
│                   │   └── pad <- repeat-count 12 [= 0]
│                   └── file <- repeat-count (header.size) base.u8 :=
│                       ├── 0 := 72
│                       ├── 1 := 101
│                       ├── 2 := 108
│                       ├── 3 := 108
│                       ├── 4 := 111
│                       └── 5 := 10
└── end <- end-of-input
