├── data <- _ |...| _ :=
│   └── mpeg4 <- mpeg4.main :=
│       └── atoms <- repeat mpeg4.atom :=
│           ├── 0 <- mpeg4.atom :=
│           │   ├── size-field <- base.u32be := 32
│           │   ├── type <- mpeg4.tag := "ftyp"
│           │   ├── size <- match size-field { ... } := 24
│           │   └── data <- slice size (match type { ... }) :=
│           │       └── ftyp <- { ... } :=
│           │           ├── major_brand <- mpeg4.tag := "heic"
│           │           ├── minor_version <- base.u32be := 0
│           │           └── compatible_brands <- repeat mpeg4.tag :=
│           │               ├── 0 := "mif1"
│           │               ├── 1 := "miaf"
│           │               ├── 2 := "MiHB"
│           │               └── 3 := "heic"
│           ├── 1 <- mpeg4.atom :=
│           │   ├── size-field <- base.u32be := 1358
│           │   ├── type <- mpeg4.tag := "meta"
│           │   ├── size <- match size-field { ... } := 1350
│           │   └── data <- slice size (match type { ... }) :=
│           │       └── meta <- (...) :=
│           │           ├── 0 <- base.u32be := 0
│           │           └── 1 <- repeat mpeg4.meta-atom :=
│           │               ├── 0 <- mpeg4.meta-atom :=
│           │               │   ├── size-field <- base.u32be := 33
│           │               │   ├── type <- mpeg4.tag := "hdlr"
│           │               │   ├── size <- match size-field { ... } := 25
│           │               │   └── data <- slice size (match type { ... }) :=
│           │               │       └── hdlr <- { ... } :=
│           │               │           ├── version <- base.u8 := 0
│           │               │           ├── flags <- (...) :=
│           │               │           │   ├── 0 <- base.u8 := 0
│           │               │           │   ├── 1 <- base.u8 := 0
│           │               │           │   └── 2 <- base.u8 := 0
│           │               │           ├── predefined <- base.u32be := 0
│           │               │           ├── handler_type <- mpeg4.tag := "pict"
│           │               │           ├── reserved <- (...) :=
│           │               │           │   ├── 0 <- base.u32be := 0
│           │               │           │   ├── 1 <- base.u32be := 0
│           │               │           │   └── 2 <- base.u32be := 0
│           │               │           └── name <- base.asciiz-string := ""
│           │               ├── 1 <- mpeg4.meta-atom :=
│           │               │   ├── size-field <- base.u32be := 36
│           │               │   ├── type <- mpeg4.tag := "dinf"
│           │               │   ├── size <- match size-field { ... } := 28
│           │               │   └── data <- slice size (match type { ... }) :=
│           │               │       └── dinf <- repeat mpeg4.dinf-atom :=
│           │               │           └── 0 <- mpeg4.dinf-atom :=
│           │               │               ├── size-field <- base.u32be := 28
│           │               │               ├── type <- mpeg4.tag := "dref"
│           │               │               ├── size <- match size-field { ... } := 20
│           │               │               └── data <- slice size (match type { ... }) :=
│           │               │                   └── dref <- { ... } :=
│           │               │                       ├── version <- base.u8 := 0
│           │               │                       ├── flags <- (...) :=
│           │               │                       │   ├── 0 <- base.u8 := 0
│           │               │                       │   ├── 1 <- base.u8 := 0
│           │               │                       │   └── 2 <- base.u8 := 0
│           │               │                       ├── number_of_entries <- base.u32be := 1
│           │               │                       └── data <- repeat { ... } :=
│           │               │                           └── 0 :=
│           │               │                               ├── size-field <- base.u32be := 12
│           │               │                               ├── type <- mpeg4.tag := "url "
│           │               │                               ├── size <- match size-field { ... } := 4
│           │               │                               └── data <- slice size (repeat base.u8) :=
│           │               │                                   ├── 0 := 0
│           │               │                                   ├── 1 := 0
│           │               │                                   ├── 2 := 0
│           │               │                                   └── 3 := 1
│           │               ├── 2 <- mpeg4.meta-atom :=
│           │               │   ├── size-field <- base.u32be := 14
│           │               │   ├── type <- mpeg4.tag := "pitm"
│           │               │   ├── size <- match size-field { ... } := 6
│           │               │   └── data <- slice size (match type { ... }) :=
│           │               │       └── pitm <- { ... } :=
│           │               │           ├── version <- base.u8 := 0
│           │               │           ├── flags <- (...) :=
│           │               │           │   ├── 0 <- base.u8 := 0
│           │               │           │   ├── 1 <- base.u8 := 0
│           │               │           │   └── 2 <- base.u8 := 0
│           │               │           └── item_ID <- match (version == 0) { ... } := { yes := 7 }
│           │               ├── 3 <- mpeg4.meta-atom :=
│           │               │   ├── size-field <- base.u32be := 223
│           │               │   ├── type <- mpeg4.tag := "iinf"
│           │               │   ├── size <- match size-field { ... } := 215
│           │               │   └── data <- slice size (match type { ... }) :=
│           │               │       └── iinf <- { ... } :=
│           │               │           ├── version <- base.u8 := 0
│           │               │           ├── flags <- (...) :=
│           │               │           │   ├── 0 <- base.u8 := 0
│           │               │           │   ├── 1 <- base.u8 := 0
│           │               │           │   └── 2 <- base.u8 := 0
│           │               │           ├── entry_count <- match (version == 0) { ... } := 9
│           │               │           └── item_info_entry <- repeat-count entry_count mpeg4.iinf-atom :=
│           │               │               ├── 0 <- mpeg4.iinf-atom :=
│           │               │               │   ├── size-field <- base.u32be := 21
│           │               │               │   ├── type <- mpeg4.tag := "infe"
│           │               │               │   ├── size <- match size-field { ... } := 13
│           │               │               │   └── data <- slice size (match type { ... }) :=
│           │               │               │       └── infe <- { ... } :=
│           │               │               │           ├── version <- base.u8 := 2
│           │               │               │           ├── flags <- (...) :=
│           │               │               │           │   ├── 0 <- base.u8 := 0
│           │               │               │           │   ├── 1 <- base.u8 := 0
│           │               │               │           │   └── 2 <- base.u8 := 1
│           │               │               │           └── fields <- match (version < 2) { ... } :=
│           │               │               │               └── no <- { ... } :=
│           │               │               │                   ├── item_ID <- match (version == 2) { ... } := 1
│           │               │               │                   ├── item_protection_index <- base.u16be := 0
│           │               │               │                   ├── item_type <- mpeg4.tag := "hvc1"
│           │               │               │                   ├── item_name <- base.asciiz-string := ""
│           │               │               │                   └── extra_fields <- match item_type { ... } := { unknown := () }
│           │               │               ├── 1 <- mpeg4.iinf-atom :=
│           │               │               │   ├── size-field <- base.u32be := 21
│           │               │               │   ├── type <- mpeg4.tag := "infe"
│           │               │               │   ├── size <- match size-field { ... } := 13
│           │               │               │   └── data <- slice size (match type { ... }) :=
│           │               │               │       └── infe <- { ... } :=
│           │               │               │           ├── version <- base.u8 := 2
│           │               │               │           ├── flags <- (...) :=
│           │               │               │           │   ├── 0 <- base.u8 := 0
│           │               │               │           │   ├── 1 <- base.u8 := 0
│           │               │               │           │   └── 2 <- base.u8 := 1
│           │               │               │           └── fields <- match (version < 2) { ... } :=
│           │               │               │               └── no <- { ... } :=
│           │               │               │                   ├── item_ID <- match (version == 2) { ... } := 2
│           │               │               │                   ├── item_protection_index <- base.u16be := 0
│           │               │               │                   ├── item_type <- mpeg4.tag := "hvc1"
│           │               │               │                   ├── item_name <- base.asciiz-string := ""
│           │               │               │                   └── extra_fields <- match item_type { ... } := { unknown := () }
│           │               │               ├── 2 <- mpeg4.iinf-atom :=
│           │               │               │   ├── size-field <- base.u32be := 21
│           │               │               │   ├── type <- mpeg4.tag := "infe"
│           │               │               │   ├── size <- match size-field { ... } := 13
│           │               │               │   └── data <- slice size (match type { ... }) :=
│           │               │               │       └── infe <- { ... } :=
│           │               │               │           ├── version <- base.u8 := 2
│           │               │               │           ├── flags <- (...) :=
│           │               │               │           │   ├── 0 <- base.u8 := 0
│           │               │               │           │   ├── 1 <- base.u8 := 0
│           │               │               │           │   └── 2 <- base.u8 := 1
│           │               │               │           └── fields <- match (version < 2) { ... } :=
│           │               │               │               └── no <- { ... } :=
│           │               │               │                   ├── item_ID <- match (version == 2) { ... } := 3
│           │               │               │                   ├── item_protection_index <- base.u16be := 0
│           │               │               │                   ├── item_type <- mpeg4.tag := "hvc1"
│           │               │               │                   ├── item_name <- base.asciiz-string := ""
│           │               │               │                   └── extra_fields <- match item_type { ... } := { unknown := () }
│           │               │               ├── 3 <- mpeg4.iinf-atom :=
│           │               │               │   ├── size-field <- base.u32be := 21
│           │               │               │   ├── type <- mpeg4.tag := "infe"
│           │               │               │   ├── size <- match size-field { ... } := 13
│           │               │               │   └── data <- slice size (match type { ... }) :=
│           │               │               │       └── infe <- { ... } :=
│           │               │               │           ├── version <- base.u8 := 2
│           │               │               │           ├── flags <- (...) :=
│           │               │               │           │   ├── 0 <- base.u8 := 0
│           │               │               │           │   ├── 1 <- base.u8 := 0
│           │               │               │           │   └── 2 <- base.u8 := 1
│           │               │               │           └── fields <- match (version < 2) { ... } :=
│           │               │               │               └── no <- { ... } :=
│           │               │               │                   ├── item_ID <- match (version == 2) { ... } := 4
│           │               │               │                   ├── item_protection_index <- base.u16be := 0
│           │               │               │                   ├── item_type <- mpeg4.tag := "hvc1"
│           │               │               │                   ├── item_name <- base.asciiz-string := ""
│           │               │               │                   └── extra_fields <- match item_type { ... } := { unknown := () }
│           │               │               ├── 4 <- mpeg4.iinf-atom :=
│           │               │               │   ├── size-field <- base.u32be := 21
│           │               │               │   ├── type <- mpeg4.tag := "infe"
│           │               │               │   ├── size <- match size-field { ... } := 13
│           │               │               │   └── data <- slice size (match type { ... }) :=
│           │               │               │       └── infe <- { ... } :=
│           │               │               │           ├── version <- base.u8 := 2
│           │               │               │           ├── flags <- (...) :=
│           │               │               │           │   ├── 0 <- base.u8 := 0
│           │               │               │           │   ├── 1 <- base.u8 := 0
│           │               │               │           │   └── 2 <- base.u8 := 1
│           │               │               │           └── fields <- match (version < 2) { ... } :=
│           │               │               │               └── no <- { ... } :=
│           │               │               │                   ├── item_ID <- match (version == 2) { ... } := 5
│           │               │               │                   ├── item_protection_index <- base.u16be := 0
│           │               │               │                   ├── item_type <- mpeg4.tag := "hvc1"
│           │               │               │                   ├── item_name <- base.asciiz-string := ""
│           │               │               │                   └── extra_fields <- match item_type { ... } := { unknown := () }
│           │               │               ├── 5 <- mpeg4.iinf-atom :=
│           │               │               │   ├── size-field <- base.u32be := 21
│           │               │               │   ├── type <- mpeg4.tag := "infe"
│           │               │               │   ├── size <- match size-field { ... } := 13
│           │               │               │   └── data <- slice size (match type { ... }) :=
│           │               │               │       └── infe <- { ... } :=
│           │               │               │           ├── version <- base.u8 := 2
│           │               │               │           ├── flags <- (...) :=
│           │               │               │           │   ├── 0 <- base.u8 := 0
│           │               │               │           │   ├── 1 <- base.u8 := 0
│           │               │               │           │   └── 2 <- base.u8 := 1
│           │               │               │           └── fields <- match (version < 2) { ... } :=
│           │               │               │               └── no <- { ... } :=
│           │               │               │                   ├── item_ID <- match (version == 2) { ... } := 6
│           │               │               │                   ├── item_protection_index <- base.u16be := 0
│           │               │               │                   ├── item_type <- mpeg4.tag := "hvc1"
│           │               │               │                   ├── item_name <- base.asciiz-string := ""
│           │               │               │                   └── extra_fields <- match item_type { ... } := { unknown := () }
│           │               │               ├── 6 <- mpeg4.iinf-atom :=
│           │               │               │   ├── size-field <- base.u32be := 21
│           │               │               │   ├── type <- mpeg4.tag := "infe"
│           │               │               │   ├── size <- match size-field { ... } := 13
│           │               │               │   └── data <- slice size (match type { ... }) :=
│           │               │               │       └── infe <- { ... } :=
│           │               │               │           ├── version <- base.u8 := 2
│           │               │               │           ├── flags <- (...) :=
│           │               │               │           │   ├── 0 <- base.u8 := 0
│           │               │               │           │   ├── 1 <- base.u8 := 0
│           │               │               │           │   └── 2 <- base.u8 := 0
│           │               │               │           └── fields <- match (version < 2) { ... } :=
│           │               │               │               └── no <- { ... } :=
│           │               │               │                   ├── item_ID <- match (version == 2) { ... } := 7
│           │               │               │                   ├── item_protection_index <- base.u16be := 0
│           │               │               │                   ├── item_type <- mpeg4.tag := "grid"
│           │               │               │                   ├── item_name <- base.asciiz-string := ""
│           │               │               │                   └── extra_fields <- match item_type { ... } := { unknown := () }
│           │               │               ├── 7 <- mpeg4.iinf-atom :=
│           │               │               │   ├── size-field <- base.u32be := 21
│           │               │               │   ├── type <- mpeg4.tag := "infe"
│           │               │               │   ├── size <- match size-field { ... } := 13
│           │               │               │   └── data <- slice size (match type { ... }) :=
│           │               │               │       └── infe <- { ... } :=
│           │               │               │           ├── version <- base.u8 := 2
│           │               │               │           ├── flags <- (...) :=
│           │               │               │           │   ├── 0 <- base.u8 := 0
│           │               │               │           │   ├── 1 <- base.u8 := 0
│           │               │               │           │   └── 2 <- base.u8 := 1
│           │               │               │           └── fields <- match (version < 2) { ... } :=
│           │               │               │               └── no <- { ... } :=
│           │               │               │                   ├── item_ID <- match (version == 2) { ... } := 8
│           │               │               │                   ├── item_protection_index <- base.u16be := 0
│           │               │               │                   ├── item_type <- mpeg4.tag := "Exif"
│           │               │               │                   ├── item_name <- base.asciiz-string := ""
│           │               │               │                   └── extra_fields <- match item_type { ... } := { unknown := () }
│           │               │               └── 8 <- mpeg4.iinf-atom :=
│           │               │                   ├── size-field <- base.u32be := 41
│           │               │                   ├── type <- mpeg4.tag := "infe"
│           │               │                   ├── size <- match size-field { ... } := 33
│           │               │                   └── data <- slice size (match type { ... }) :=
│           │               │                       └── infe <- { ... } :=
│           │               │                           ├── version <- base.u8 := 2
│           │               │                           ├── flags <- (...) :=
│           │               │                           │   ├── 0 <- base.u8 := 0
│           │               │                           │   ├── 1 <- base.u8 := 0
│           │               │                           │   └── 2 <- base.u8 := 1
│           │               │                           └── fields <- match (version < 2) { ... } :=
│           │               │                               └── no <- { ... } :=
│           │               │                                   ├── item_ID <- match (version == 2) { ... } := 9
│           │               │                                   ├── item_protection_index <- base.u16be := 0
│           │               │                                   ├── item_type <- mpeg4.tag := "mime"
│           │               │                                   ├── item_name <- base.asciiz-string := ""
│           │               │                                   └── extra_fields <- match item_type { ... } :=
│           │               │                                       └── mime <- { ... } :=
│           │               │                                           └── content_type <- base.asciiz-string := "application/rdf+xml"
│           │               ├── 4 <- mpeg4.meta-atom :=
│           │               │   ├── size-field <- base.u32be := 64
│           │               │   ├── type <- mpeg4.tag := "iref"
│           │               │   ├── size <- match size-field { ... } := 56
│           │               │   └── data <- slice size (match type { ... }) :=
│           │               │       └── iref <- { ... } :=
│           │               │           ├── version <- base.u8 := 0
│           │               │           ├── flags <- (...) :=
│           │               │           │   ├── 0 <- base.u8 := 0
│           │               │           │   ├── 1 <- base.u8 := 0
│           │               │           │   └── 2 <- base.u8 := 0
│           │               │           └── single_item_reference <- match version { ... } :=
│           │               │               └── small <- repeat { ... } :=
│           │               │                   ├── 0 :=
│           │               │                   │   ├── size-field <- base.u32be := 24
│           │               │                   │   ├── type <- mpeg4.tag := "dimg"
│           │               │                   │   ├── size <- match size-field { ... } := 16
│           │               │                   │   └── data <- slice size { ... } :=
│           │               │                   │       ├── from_item_ID <- base.u16be := 7
│           │               │                   │       ├── reference_count <- base.u16be := 6
│           │               │                   │       └── to_item_ID <- repeat-count reference_count base.u16be :=
│           │               │                   │           ├── 0 := 1
│           │               │                   │           ├── 1 := 2
│           │               │                   │           ├── 2 := 3
│           │               │                   │           ├── 3 := 4
│           │               │                   │           ├── 4 := 5
│           │               │                   │           └── 5 := 6
│           │               │                   ├── 1 :=
│           │               │                   │   ├── size-field <- base.u32be := 14
│           │               │                   │   ├── type <- mpeg4.tag := "cdsc"
│           │               │                   │   ├── size <- match size-field { ... } := 6
│           │               │                   │   └── data <- slice size { ... } :=
│           │               │                   │       ├── from_item_ID <- base.u16be := 8
│           │               │                   │       ├── reference_count <- base.u16be := 1
│           │               │                   │       └── to_item_ID <- repeat-count reference_count base.u16be :=
│           │               │                   │           └── 0 := 7
│           │               │                   └── 2 :=
│           │               │                       ├── size-field <- base.u32be := 14
│           │               │                       ├── type <- mpeg4.tag := "cdsc"
│           │               │                       ├── size <- match size-field { ... } := 6
│           │               │                       └── data <- slice size { ... } :=
│           │               │                           ├── from_item_ID <- base.u16be := 9
│           │               │                           ├── reference_count <- base.u16be := 1
│           │               │                           └── to_item_ID <- repeat-count reference_count base.u16be :=
│           │               │                               └── 0 := 7
│           │               ├── 5 <- mpeg4.meta-atom :=
│           │               │   ├── size-field <- base.u32be := 800
│           │               │   ├── type <- mpeg4.tag := "iprp"
│           │               │   ├── size <- match size-field { ... } := 792
│           │               │   └── data <- slice size (match type { ... }) :=
│           │               │       └── unknown <- repeat base.u8 :=
│           │               │           ├── 0 := 0
│           │               │           ├── 1 := 0
│           │               │           ├── 2 := 2
│           │               │           ├── 3 := 221
│           │               │           ├── 4 := 105
│           │               │           ├── 5 := 112
│           │               │           ├── 6 := 99
│           │               │           ├── 7 := 111
│           │               │           ├── 8 := 0
│           │               │           ├── 9 := 0
│           │               │           ~
│           │               │           └── 791 := 6
│           │               ├── 6 <- mpeg4.meta-atom :=
│           │               │   ├── size-field <- base.u32be := 16
│           │               │   ├── type <- mpeg4.tag := "idat"
│           │               │   ├── size <- match size-field { ... } := 8
│           │               │   └── data <- slice size (match type { ... }) :=
│           │               │       └── idat <- repeat base.u8 :=
│           │               │           ├── 0 := 0
│           │               │           ├── 1 := 0
│           │               │           ├── 2 := 2
│           │               │           ├── 3 := 1
│           │               │           ├── 4 := 2
│           │               │           ├── 5 := 146
│           │               │           ├── 6 := 4
│           │               │           └── 7 := 146
│           │               └── 7 <- mpeg4.meta-atom :=
│           │                   ├── size-field <- base.u32be := 160
│           │                   ├── type <- mpeg4.tag := "iloc"
│           │                   ├── size <- match size-field { ... } := 152
│           │                   └── data <- slice size (match type { ... }) :=
│           │                       └── iloc <- { ... } :=
│           │                           ├── version <- base.u8 := 1
│           │                           ├── flags <- (...) :=
│           │                           │   ├── 0 <- base.u8 := 0
│           │                           │   ├── 1 <- base.u8 := 0
│           │                           │   └── 2 <- base.u8 := 0
│           │                           ├── offset_size_length_size <- base.u8 := 68
│           │                           ├── base_offset_size_index_size <- base.u8 := 0
│           │                           ├── offset_size <- compute offset_size_length_size >> 4 := 4
│           │                           ├── length_size <- compute offset_size_length_size & 7 := 4
│           │                           ├── base_offset_size <- compute base_offset_size_index_size >> 4 := 0
│           │                           ├── index_size <- match (version > 0) { ... } := 0
│           │                           ├── item_count <- match (version < 2) { ... } := 9
│           │                           └── items <- repeat-count item_count { ... } :=
│           │                               ├── 0 :=
│           │                               │   ├── item_ID <- match (version < 2) { ... } := 1
│           │                               │   ├── construction_method <- maybe (version > 0) base.u16be :=
some 0
│           │                               │   ├── data_reference_index <- base.u16be := 0
│           │                               │   ├── base_offset <- match base_offset_size { ... } := 0
│           │                               │   ├── extent_count <- base.u16be := 1
│           │                               │   └── extents <- repeat-count extent_count { ... } :=
│           │                               │       └── 0 :=
│           │                               │           ├── extent_index <- match index_size { ... } := 0
│           │                               │           ├── extent_offset <- match offset_size { ... } := 6567
│           │                               │           └── extent_length <- match length_size { ... } := 97715
│           │                               ├── 1 :=
│           │                               │   ├── item_ID <- match (version < 2) { ... } := 2
│           │                               │   ├── construction_method <- maybe (version > 0) base.u16be :=
some 0
│           │                               │   ├── data_reference_index <- base.u16be := 0
│           │                               │   ├── base_offset <- match base_offset_size { ... } := 0
│           │                               │   ├── extent_count <- base.u16be := 1
│           │                               │   └── extents <- repeat-count extent_count { ... } :=
│           │                               │       └── 0 :=
│           │                               │           ├── extent_index <- match index_size { ... } := 0
│           │                               │           ├── extent_offset <- match offset_size { ... } := 104282
│           │                               │           └── extent_length <- match length_size { ... } := 27699
│           │                               ├── 2 :=
│           │                               │   ├── item_ID <- match (version < 2) { ... } := 3
│           │                               │   ├── construction_method <- maybe (version > 0) base.u16be :=
some 0
│           │                               │   ├── data_reference_index <- base.u16be := 0
│           │                               │   ├── base_offset <- match base_offset_size { ... } := 0
│           │                               │   ├── extent_count <- base.u16be := 1
│           │                               │   └── extents <- repeat-count extent_count { ... } :=
│           │                               │       └── 0 :=
│           │                               │           ├── extent_index <- match index_size { ... } := 0
│           │                               │           ├── extent_offset <- match offset_size { ... } := 131981
│           │                               │           └── extent_length <- match length_size { ... } := 84325
│           │                               ├── 3 :=
│           │                               │   ├── item_ID <- match (version < 2) { ... } := 4
│           │                               │   ├── construction_method <- maybe (version > 0) base.u16be :=
some 0
│           │                               │   ├── data_reference_index <- base.u16be := 0
│           │                               │   ├── base_offset <- match base_offset_size { ... } := 0
│           │                               │   ├── extent_count <- base.u16be := 1
│           │                               │   └── extents <- repeat-count extent_count { ... } :=
│           │                               │       └── 0 :=
│           │                               │           ├── extent_index <- match index_size { ... } := 0
│           │                               │           ├── extent_offset <- match offset_size { ... } := 216306
│           │                               │           └── extent_length <- match length_size { ... } := 27493
│           │                               ├── 4 :=
│           │                               │   ├── item_ID <- match (version < 2) { ... } := 5
│           │                               │   ├── construction_method <- maybe (version > 0) base.u16be :=
some 0
│           │                               │   ├── data_reference_index <- base.u16be := 0
│           │                               │   ├── base_offset <- match base_offset_size { ... } := 0
│           │                               │   ├── extent_count <- base.u16be := 1
│           │                               │   └── extents <- repeat-count extent_count { ... } :=
│           │                               │       └── 0 :=
│           │                               │           ├── extent_index <- match index_size { ... } := 0
│           │                               │           ├── extent_offset <- match offset_size { ... } := 243799
│           │                               │           └── extent_length <- match length_size { ... } := 34733
│           │                               ├── 5 :=
│           │                               │   ├── item_ID <- match (version < 2) { ... } := 6
│           │                               │   ├── construction_method <- maybe (version > 0) base.u16be :=
some 0
│           │                               │   ├── data_reference_index <- base.u16be := 0
│           │                               │   ├── base_offset <- match base_offset_size { ... } := 0
│           │                               │   ├── extent_count <- base.u16be := 1
│           │                               │   └── extents <- repeat-count extent_count { ... } :=
│           │                               │       └── 0 :=
│           │                               │           ├── extent_index <- match index_size { ... } := 0
│           │                               │           ├── extent_offset <- match offset_size { ... } := 278532
│           │                               │           └── extent_length <- match length_size { ... } := 10655
│           │                               ├── 6 :=
│           │                               │   ├── item_ID <- match (version < 2) { ... } := 7
│           │                               │   ├── construction_method <- maybe (version > 0) base.u16be :=
some 1
│           │                               │   ├── data_reference_index <- base.u16be := 0
│           │                               │   ├── base_offset <- match base_offset_size { ... } := 0
│           │                               │   ├── extent_count <- base.u16be := 1
│           │                               │   └── extents <- repeat-count extent_count { ... } :=
│           │                               │       └── 0 :=
│           │                               │           ├── extent_index <- match index_size { ... } := 0
│           │                               │           ├── extent_offset <- match offset_size { ... } := 0
│           │                               │           └── extent_length <- match length_size { ... } := 8
│           │                               ├── 7 :=
│           │                               │   ├── item_ID <- match (version < 2) { ... } := 8
│           │                               │   ├── construction_method <- maybe (version > 0) base.u16be :=
some 0
│           │                               │   ├── data_reference_index <- base.u16be := 0
│           │                               │   ├── base_offset <- match base_offset_size { ... } := 0
│           │                               │   ├── extent_count <- base.u16be := 1
│           │                               │   └── extents <- repeat-count extent_count { ... } :=
│           │                               │       └── 0 :=
│           │                               │           ├── extent_index <- match index_size { ... } := 0
│           │                               │           ├── extent_offset <- match offset_size { ... } := 1406
│           │                               │           └── extent_length <- match length_size { ... } := 2618
│           │                               └── 8 :=
│           │                                   ├── item_ID <- match (version < 2) { ... } := 9
│           │                                   ├── construction_method <- maybe (version > 0) base.u16be :=
some 0
│           │                                   ├── data_reference_index <- base.u16be := 0
│           │                                   ├── base_offset <- match base_offset_size { ... } := 0
│           │                                   ├── extent_count <- base.u16be := 1
│           │                                   └── extents <- repeat-count extent_count { ... } :=
│           │                                       └── 0 :=
│           │                                           ├── extent_index <- match index_size { ... } := 0
│           │                                           ├── extent_offset <- match offset_size { ... } := 4024
│           │                                           └── extent_length <- match length_size { ... } := 2543
│           └── 2 <- mpeg4.atom :=
│               ├── size-field <- base.u32be := 1
│               ├── type <- mpeg4.tag := "mdat"
│               ├── size <- match size-field { ... } := 287781
│               └── data <- slice size (match type { ... }) := { mdat := () }
└── end <- end-of-input
