└── riff <- riff.main :=
    ├── tag <- (...) :=
    │   ├── 0 <- [= 82] := 82
    │   ├── 1 <- [= 73] := 73
    │   ├── 2 <- [= 70] := 70
    │   └── 3 <- [= 70] := 70
    ├── length <- base.u32le := 1140
    ├── data <- slice length riff.subchunks :=
    │   ├── tag <- riff.any-tag :=
    │   │   ├── 0 <- base.u8 := 87
    │   │   ├── 1 <- base.u8 := 69
    │   │   ├── 2 <- base.u8 := 66
    │   │   └── 3 <- base.u8 := 80
    │   └── chunks <- repeat { ... } :=
    │       ├── 0 <- { ... } :=
    │       │   ├── tag <- riff.any-tag :=
    │       │   │   ├── 0 <- base.u8 := 86
    │       │   │   ├── 1 <- base.u8 := 80
    │       │   │   ├── 2 <- base.u8 := 56
    │       │   │   └── 3 <- base.u8 := 88
    │       │   ├── length <- base.u32le := 10
    │       │   ├── data <- slice length (repeat base.u8) :=
    │       │   │   ├── 0 <- base.u8 := 8
    │       │   │   ├── 1 <- base.u8 := 0
    │       │   │   ├── 2 <- base.u8 := 0
    │       │   │   ├── 3 <- base.u8 := 0
    │       │   │   ├── 4 <- base.u8 := 72
    │       │   │   ├── 5 <- base.u8 := 0
    │       │   │   ├── 6 <- base.u8 := 0
    │       │   │   ├── 7 <- base.u8 := 58
    │       │   │   ├── 8 <- base.u8 := 0
    │       │   │   └── 9 <- base.u8 := 0
    │       │   └── pad <- match ((length % 2) == 0) { ... } := ()
    │       ├── 1 <- { ... } :=
    │       │   ├── tag <- riff.any-tag :=
    │       │   │   ├── 0 <- base.u8 := 86
    │       │   │   ├── 1 <- base.u8 := 80
    │       │   │   ├── 2 <- base.u8 := 56
    │       │   │   └── 3 <- base.u8 := 76
    │       │   ├── length <- base.u32le := 963
    │       │   ├── data <- slice length (repeat base.u8) :=
    │       │   │   ├── 0 <- base.u8 := 47
    │       │   │   ├── 1 <- base.u8 := 72
    │       │   │   ├── 2 <- base.u8 := 128
    │       │   │   ├── 3 <- base.u8 := 14
    │       │   │   ├── 4 <- base.u8 := 0
    │       │   │   ├── 5 <- base.u8 := 167
    │       │   │   ├── 6 <- base.u8 := 160
    │       │   │   ├── 7 <- base.u8 := 38
    │       │   │   ├── 8 <- base.u8 := 146
    │       │   │   ├── 9 <- base.u8 := 173
    │       │   │   ~
    │       │   │   └── 962 <- base.u8 := 13
    │       │   └── pad <- match ((length % 2) == 0) { ... } := 0
    │       └── 2 <- { ... } :=
    │           ├── tag <- riff.any-tag :=
    │           │   ├── 0 <- base.u8 := 69
    │           │   ├── 1 <- base.u8 := 88
    │           │   ├── 2 <- base.u8 := 73
    │           │   └── 3 <- base.u8 := 70
    │           ├── length <- base.u32le := 138
    │           ├── data <- slice length (repeat base.u8) :=
    │           │   ├── 0 <- base.u8 := 69
    │           │   ├── 1 <- base.u8 := 120
    │           │   ├── 2 <- base.u8 := 105
    │           │   ├── 3 <- base.u8 := 102
    │           │   ├── 4 <- base.u8 := 0
    │           │   ├── 5 <- base.u8 := 0
    │           │   ├── 6 <- base.u8 := 77
    │           │   ├── 7 <- base.u8 := 77
    │           │   ├── 8 <- base.u8 := 0
    │           │   ├── 9 <- base.u8 := 42
    │           │   ~
    │           │   └── 137 <- base.u8 := 0
    │           └── pad <- match ((length % 2) == 0) { ... } := ()
    └── pad <- match ((length % 2) == 0) { ... } := ()
